// Jest Snapshot v1, https://goo.gl/fbAQLP

exports[`<HomePage /> renders HomePage component 1`] = `ShallowWrapper {}`;
